eeschema (2013-04-19 BZR 4011)-stable  >> Creation date: 5/14/2013 2:36:01 AM
#Cmp ( order = Reference )
| ACCELEROMETER1 AIS328DQ    
| BT1        4XAA        
| C1         C           
| C2         C           
| C3         0.1 uF      
| C4         10 nF       
| C5         470 nF      
| C6         0.1 uF      
| C7         0.1 uF      
| C8         C           
| C9         C1 nF       
| C10        DNI         
| C11        DNI         
| C12        1uF         
| C13        0.1 uF      
| CURRENT1   ACS716      
| GYROSCOPE1 A3G4250D    
| IC1        REG1117     
| JP1        MOT_ENC     
| JP2        JP          
| JP3        M05X2PTH    
| JP4        M013X2PTH   
| MOTOR1     LS7366RDIP  
| R1         R           
| R2         10K         
| R3         DNI         
| R4         DNI         
| R5         330         
| X1         20 MHz      
#End Cmp

#Cmp ( order = Value )
| AIS328DQ     ACCELEROMETER1
| 4XAA         BT1       
| 1uF          C12       
| 0.1 uF       C3        
| 0.1 uF       C6        
| 0.1 uF       C7        
| 0.1 uF       C13       
| C            C1        
| C            C2        
| 10 nF        C4        
| 470 nF       C5        
| C            C8        
| C1 nF        C9        
| DNI          C10       
| DNI          C11       
| ACS716       CURRENT1  
| A3G4250D     GYROSCOPE1
| REG1117      IC1       
| MOT_ENC      JP1       
| JP           JP2       
| M05X2PTH     JP3       
| M013X2PTH    JP4       
| LS7366RDIP   MOTOR1    
| 330          R5        
| 10K          R2        
| R            R1        
| DNI          R3        
| DNI          R4        
| 20 MHz       X1        
#End Cmp

#End List
